Test 1: Interface reference basic
10
11
Test 2: Interface reference parameter
7
Test 3: Return interface reference
100
101
