=== Test 1: Basic 2D array ===
1
2
3
4
5
6
=== Test 2: 3x3 identity matrix ===
1
0
0
0
1
0
0
0
1
=== All tests passed ===
