1
2
100
200
1000
2000
100000
200000
65
66
hello
world
1
0
