=== Test: Cannot reassign const pointer to struct ===
Error: Cannot reassign const pointer (T* const)
