=== Test: Cannot modify through const pointer to const ===
Error: Cannot modify value through pointer to const (const T*)
