=== Test: Cannot modify struct through pointer to const ===
Error: Cannot modify value through pointer to const (const T*)
