=== Test: Cannot reassign const pointer ===
Error: Cannot reassign const pointer (T* const)
