=== Test: Cannot reassign const pointer to const ===
Error: Cannot reassign const pointer (T* const)
