10
20
20
40
40
3.140000
2.710000
2.710000
100
200
200
200
