42
1
3
43
0
4
44
1
5
Different types static test passed
