matrix[0][0] = 10
matrix[0][1] = 20
matrix[1][2] = 99
