=== Test: Simple pointer array ===
10
20
30
=== Test passed ===
