=== Test 1: Basic 2D array ===
1
2
3
4
5
6
=== Test 2: 3D array ===
1
2
3
4
5
6
7
8
=== All multidim array tests passed ===
